[imagine.local/index.html]
[backblue.gif]
[fade.gif]
[index.html]
[imagine.local/wp-includes/css/dist/block-library/style.min32d4.css]
[imagine.local/wp-content/plugins/custom-twitter-feeds/css/ctf-styles.min254d.css]
[imagine.local/wp-content/themes/ecocoded/style32d4.css]
[imagine.local/comments/feed/index.html]
[imagine.local/wp-content/plugins/elementor/assets/lib/font-awesome/css/font-awesome.min1849.css]
[imagine.local/feed/index.html]
[imagine.local/wp-content/themes/esport-x-gaming/style32d4.css]
[imagine.local/wp-content/plugins/elementor/assets/css/frontend.min9287.css]
[imagine.local/wp-content/uploads/elementor/css/post-12793f3.css]
[imagine.local/wp-content/plugins/elementor/assets/css/widget-heading.min9287.css]
[imagine.local/wp-content/plugins/elementor/assets/css/widget-icon-list.min9287.css]
[imagine.local/wp-content/uploads/elementor/css/post-293f3.css]
[imagine.local/wp-content/uploads/elementor/google-fonts/css/roboto9c98.css]
[imagine.local/wp-content/uploads/elementor/google-fonts/css/robotoslab4eaf.css]
[imagine.local/wp-includes/js/jquery/jquery.minf43b.js]
[imagine.local/wp-includes/js/jquery/jquery-migrate.min5589.js]
[imagine.local/wp-json/wp/v2/pages/2.json]
[imagine.local/wp-json/index.html]
[imagine.local/xmlrpc0db0.php]
[imagine.local/wp-json/oembed/1.0/embed2ca7.json]
[imagine.local/wp-json/oembed/1.0/embedd86d]
[imagine.local/wp-content/uploads/2025/07/logo-imagine1.png]
[imagine.local/wp-content/themes/ecocoded/js/navigation.min1f01.js]
[imagine.local/wp-content/themes/ecocoded/js/script.min1f01.js]
[imagine.local/wp-content/themes/ecocoded/js/accessibility.min1f01.js]
[imagine.local/wp-content/plugins/elementor/assets/js/frontend-modules.min9287.js]
[imagine.local/wp-includes/js/jquery/ui/core.minb37e.js]
[imagine.local/members/index.html]
[imagine.local/scientific-production/index.html]
[imagine.local/index.html]
[imagine.local/funding/index.html]
[imagine.local/wp-content/plugins/elementor/assets/js/frontend.min9287.js]
[imagine.local/wp-includes/css/dist/block-library/style.min32d4.css]
[imagine.local/wp-content/plugins/custom-twitter-feeds/css/ctf-styles.min254d.css]
[imagine.local/wp-content/themes/ecocoded/style32d4.css]
[imagine.local/blog/index.html]
[imagine.local/wp-content/plugins/elementor/assets/lib/font-awesome/fonts/fontawesome-webfont3e6e.woff2]
[imagine.local/wp-content/plugins/elementor/assets/lib/font-awesome/fonts/fontawesome-webfont3e6e.woff]
[imagine.local/wp-content/plugins/elementor/assets/lib/font-awesome/css/font-awesome.min1849.css]
[imagine.local/wp-content/plugins/elementor/assets/lib/font-awesome/fonts/fontawesome-webfont3e6e.svg]
[imagine.local/wp-content/themes/esport-x-gaming/style32d4.css]
[imagine.local/wp-content/plugins/elementor/assets/css/frontend.min9287.css]
[imagine.local/wp-content/uploads/elementor/css/post-12793f3.css]
[imagine.local/wp-content/plugins/elementor/assets/css/widget-heading.min9287.css]
[imagine.local/wp-content/plugins/elementor/assets/css/widget-icon-list.min9287.css]
[imagine.local/wp-content/uploads/elementor/css/post-293f3.css]
[imagine.local/wp-content/uploads/elementor/google-fonts/css/roboto9c98.css]
[imagine.local/wp-content/uploads/elementor/google-fonts/css/robotoslab4eaf.css]
[imagine.local/wp-content/plugins/elementor/assets/lib/font-awesome/fonts/fontawesome-webfont3e6e.eot]
[imagine.local/wp-includes/js/jquery/jquery.minf43b.js]
[imagine.local/wp-includes/js/jquery/jquery-migrate.min5589.js]
[imagine.local/wp-content/plugins/elementor/assets/lib/font-awesome/fonts/fontawesome-webfontd41d.eot]
[imagine.local/wp-json/wp/v2/pages/86.json]
[imagine.local/wp-json/oembed/1.0/embedaebb.json]
[imagine.local/wp-json/oembed/1.0/embed6400]
[imagine.local/wp-content/uploads/2024/04/qq2.png]
[imagine.local/wp-content/uploads/2024/04/nm2.png]
[imagine.local/wp-content/uploads/2024/04/rpf2.jpg]
[imagine.local/wp-content/uploads/2025/09/JJ.jpg]
[imagine.local/wp-content/uploads/2025/09/Nico.jpg]
[imagine.local/wp-content/uploads/2025/09/Marina.jpg]
[imagine.local/wp-content/uploads/2025/09/David.jpg]
[imagine.local/wp-content/uploads/2025/10/Dario-1.jpg]
[imagine.local/members/index.html]
[imagine.local/members/nicolas-carrizosa/index.html]
[imagine.local/members/marina-iturrate-bobes/index.html]
[imagine.local/members/david-nieto-barba/index.html]
[imagine.local/members/dario-tagarro/index.html]
[imagine.local/wp-json/oembed/1.0/embed0ccd.json]
[imagine.local/wp-json/oembed/1.0/embed5392]
[imagine.local/wp-content/uploads/2025/09/SEIO2023-David.pdf]
[imagine.local/wp-content/uploads/2025/09/SEIO2023-Presa.pdf]
[imagine.local/wp-content/uploads/2025/09/GEDM2025-miranda.pdf]
[imagine.local/wp-content/uploads/2025/08/WOEA2024.pdf]
[imagine.local/wp-content/uploads/2025/07/IPMU2024-nieto.pdf]
[imagine.local/wp-content/uploads/2025/08/IMPU2024_posets.pdf]
[imagine.local/wp-content/uploads/2025/08/IPMU2024_raul.pdf]
[imagine.local/wp-content/uploads/2025/09/IPMU2024-Marina.pdf]
[imagine.local/wp-content/uploads/2025/10/SMPS2024-RPF.36.delayed]
[imagine.local/wp-content/uploads/2025/09/SMPS2024-Montes.pdf]
[imagine.local/wp-content/uploads/2025/08/SMPS2024_Quique.pdf]
[imagine.local/wp-content/uploads/2025/08/SEIO2025_David.pdf]
[imagine.local/wp-content/uploads/2025/09/SEIO2025-miranda.pdf]
[imagine.local/wp-content/uploads/2025/10/EUSFLAT2025-RPF.3b.delayed]
[imagine.local/wp-content/uploads/2025/09/EUSFLAT2025-Marina.pdf]
[imagine.local/wp-content/uploads/2025/09/ISIPTA2025-Miranda.pdf]
[imagine.local/wp-content/uploads/2025/08/ISIPTA2005-poster-miranda.pdf]
[imagine.local/wp-content/uploads/2025/08/ISIPTA2025-slides-nieto.pdf]
[imagine.local/wp-content/uploads/2025/08/ISIPTA2025-poster-nieto.pdf]
[imagine.local/wp-content/uploads/2025/08/ISIPTA2025-iturrate.pdf]
[imagine.local/wp-content/uploads/2025/09/ISIPTA2025-Marina.pdf]
[imagine.local/wp-content/uploads/2025/09/ISIPTA2025-poster-Marina.pdf]
[imagine.local/wp-content/uploads/2025/08/2025NPSEIO.pdf]
[imagine.local/wp-content/uploads/2025/10/NPSEIO2025-RPF.45.delayed]
[imagine.local/wp-content/uploads/2025/09/ECSQARU2025-Miranda.pdf]
[imagine.local/scientific-production/index.html]
[imagine.local/wp-content/plugins/elementor/assets/css/widget-image.min9287.css]
[imagine.local/wp-content/plugins/elementor/assets/css/widget-spacer.min9287.css]
[imagine.local/wp-content/uploads/elementor/css/post-4824f71.css]
[imagine.local/wp-json/wp/v2/pages/482.json]
[imagine.local/wp-json/oembed/1.0/embedc5b8.json]
[imagine.local/wp-json/oembed/1.0/embed9843]
[imagine.local/wp-content/uploads/2025/07/logoministerio2.png]
[imagine.local/wp-content/uploads/2025/08/Severo_Ochoa.png]
[imagine.local/funding/index.html]
[imagine.local/2025/10/23/isipta-2025-report/index.html]
[imagine.local/wp-content/uploads/2025/09/IJUFKS2025.png]
[imagine.local/wp-content/uploads/2025/10/EUSFLAT2025.png]
[imagine.local/2025/08/08/eusflat-2025-report/index.html]
[imagine.local/wp-content/uploads/2023/11/ipmu2024.png]
[imagine.local/2023/11/07/ipmu-2024-special-session-on-imprecise-probabilities/index.html]
[imagine.local/wp-content/uploads/2023/10/Miranda23-portada2.png]
[imagine.local/2023/10/28/what-ive-learned-from-road-trips/index.html]
[imagine.local/wp-content/uploads/2023/10/seio23.png]
[imagine.local/blog/index.html]
[imagine.local/2023/10/28/how-to-write-10000-words-a-week/index.html]
[imagine.local/wp-content/themes/ecocoded/js/navigation.min1f01.js]
[imagine.local/wp-content/themes/ecocoded/js/script.min1f01.js]
[imagine.local/wp-content/themes/ecocoded/js/accessibility.min1f01.js]
[imagine.local/wp-content/plugins/elementor/assets/js/webpack.runtime.min9287.js]
[imagine.local/wp-content/plugins/elementor/assets/js/frontend-modules.min9287.js]
[imagine.local/wp-includes/js/jquery/ui/core.minb37e.js]
[imagine.local/wp-content/plugins/elementor/assets/js/frontend.min9287.js]
[imagine.local/OPR/index.html]
[imagine.local/wp-content/plugins/elementor/assets/lib/font-awesome/fonts/fontawesome-webfont3e6e.ttf]
[imagine.local/wp-content/plugins/elementor/assets/lib/font-awesome/fonts/fontawesome-webfont3e6e.svg]
[imagine.local/imagine-project-description/index.html]
[imagine.local/index6213.html]
[imagine.local/miranda/index.html]
[imagine.local/members/miranda/index.html]
[imagine.local/perez-fernandez/index.html]
[imagine.local/members/perez-fernandez/index.html]
[imagine.local/wp-json/wp/v2/pages/699.json]
[imagine.local/wp-json/oembed/1.0/embed9408.json]
[imagine.local/wp-json/oembed/1.0/embed7953]
[imagine.local/members/nicolas-carrizosa/index.html]
[imagine.local/wp-json/wp/v2/pages/701.json]
[imagine.local/wp-json/oembed/1.0/embedbf96.json]
[imagine.local/wp-json/oembed/1.0/embedbc0f]
[imagine.local/wp-content/uploads/2025/10/scopus.png]
[imagine.local/wp-content/uploads/2025/10/orcid.png]
[imagine.local/wp-content/uploads/2025/10/scholar.png]
[imagine.local/members/marina-iturrate-bobes/index.html]
[imagine.local/wp-json/oembed/1.0/embed46b1.json]
[imagine.local/members/david-nieto-barba/index.html]
[imagine.local/wp-json/oembed/1.0/embed34cb]
[imagine.local/wp-json/wp/v2/pages/705.json]
[imagine.local/wp-json/oembed/1.0/embedb0a2.json]
[imagine.local/members/dario-tagarro/index.html]
[imagine.local/wp-json/oembed/1.0/embedcda7]
[imagine.local/index198a.html]
[imagine.local/wp-content/uploads/2025/09/SEIO2023-David.pdf]
[imagine.local/wp-json/wp/v2/pages/101.json]
[imagine.local/wp-content/uploads/2025/10/SMPS2024-RPF.html]
[imagine.local/wp-content/uploads/2025/10/EUSFLAT2025-RPF.html]
[imagine.local/wp-content/uploads/2025/09/ISIPTA2025-Miranda.pdf]
[imagine.local/wp-content/uploads/2025/10/NPSEIO2025-RPF.html]
[imagine.local/wp-content/uploads/2025/09/ECSQARU2025-Miranda.pdf]
[imagine.local/wp-content/plugins/elementor/assets/css/widget-image.min9287.css]
[imagine.local/wp-content/plugins/elementor/assets/css/widget-spacer.min9287.css]
[imagine.local/wp-content/uploads/elementor/css/post-4824f71.css]
[imagine.local/index54a8.html]
[imagine.local/wp-json/wp/v2/posts/864.json]
[imagine.local/wp-json/oembed/1.0/embedc49a.json]
[imagine.local/wp-json/oembed/1.0/embed4d60]
[imagine.local/wp-content/uploads/2025/10/ISIPTA-2025-Quique-David-y-Marina.jpg]
[imagine.local/wp-content/uploads/2025/10/ISIPTA-2025-Presentacion-David.jpg]
[imagine.local/wp-content/uploads/2025/10/ISIPTA-2025-Premio-poster-David.jpg]
[imagine.local/wp-content/uploads/2025/10/ISIPTA-2025-Presentacion-Quique.jpg]
[imagine.local/wp-content/uploads/2025/10/ISIPTA-2025-Poster-Marina.jpg]
[imagine.local/2025/10/23/isipta-2025-report/index.html]
[imagine.local/wp-content/uploads/2025/10/isipta2025.png]
[imagine.local/2025/09/30/new-published-paper-at-ijufks/index.html]
[imagine.local/wp-json/wp/v2/posts/811.json]
[imagine.local/wp-json/oembed/1.0/embedc53d.json]
[imagine.local/wp-json/oembed/1.0/embed6140]
[imagine.local/wp-content/uploads/2025/10/EUSFLAT-2025-Marina-Panel-1.jpg]
[imagine.local/wp-content/uploads/2025/10/EUSFLAT-2025-Raul-y-Bernard-Panel.jpg]
[imagine.local/wp-content/uploads/2025/10/EUSFLAT-2025-Presentacion-Raul.jpg]
[imagine.local/wp-content/uploads/2025/10/EUSFLAT-2025-Presentacion-Marina.jpg]
[imagine.local/wp-content/uploads/2025/10/EUSFLAT-2025-Cena-de-gala.jpg]
[imagine.local/wp-content/uploads/2025/10/EUSFLAT-2025-Letrero-RIGA.jpg]
[imagine.local/2025/08/08/eusflat-2025-report/index.html]
[imagine.local/wp-json/wp/v2/posts/166.json]
[imagine.local/wp-json/oembed/1.0/embed3219.json]
[imagine.local/wp-json/oembed/1.0/embed27d1]
[imagine.local/2023/11/07/ipmu-2024-special-session-on-imprecise-probabilities/index.html]
[imagine.local/wp-json/wp/v2/posts/15.json]
[imagine.local/wp-json/oembed/1.0/embed3ae9.json]
[imagine.local/wp-json/oembed/1.0/embedba61]
[imagine.local/2023/10/28/what-ive-learned-from-road-trips/index.html]
[imagine.local/wp-json/wp/v2/posts/14.json]
[imagine.local/wp-json/oembed/1.0/embed4567.json]
[imagine.local/wp-json/oembed/1.0/embed6911]
[imagine.local/2023/10/28/how-to-write-10000-words-a-week/index.html]
[imagine.local/wp-content/plugins/elementor/assets/js/webpack.runtime.min9287.js]
[imagine.local/OPR/index.html]
[imagine.local/wp-json/wp/v2/pages/82.json]
[imagine.local/wp-json/oembed/1.0/embedc380.json]
[imagine.local/wp-json/oembed/1.0/embed8e53]
[imagine.local/imagine-project-description/index.html]
[imagine.local/wp-json/wp/v2/pages/394.json]
[imagine.local/wp-json/oembed/1.0/embed2171.json]
[imagine.local/wp-json/oembed/1.0/embed22e3]
[imagine.local/members/miranda/index.html]
[imagine.local/montes/index.html]
[imagine.local/members/montes/index.html]
[imagine.local/wp-json/wp/v2/pages/406.json]
[imagine.local/wp-json/oembed/1.0/embedde5e.json]
[imagine.local/wp-json/oembed/1.0/embedce0a]
[imagine.local/members/perez-fernandez/index.html]
[imagine.local/salamanca/index.html]
[imagine.local/members/salamanca/index.html]
[imagine.local/index1c50.html]
[imagine.local/index6fe2.html]
[imagine.local/wp-json/wp/v2/pages/703]
[imagine.local/indexf993.html]
[imagine.local/index2ae7.html]
[imagine.local/wp-content/uploads/2025/09/SEIO2023-David.pdf]
[imagine.local/wp-content/uploads/2025/09/GEDM2025-miranda.pdf]
[imagine.local/index2cbe.html]
[imagine.local/wp-content/uploads/2025/10/ISIPTA-2025-Quique-David-y-Marina.jpg]
[imagine.local/wp-json/wp/v2/posts/759.json]
[imagine.local/wp-json/oembed/1.0/embed1af5.json]
[imagine.local/wp-json/oembed/1.0/embed4582]
[imagine.local/2025/09/30/new-published-paper-at-ijufks/index.html]
[imagine.local/index2ec5.html]
[imagine.local/index8e01.html]
[imagine.local/indexa1ca.html]
[imagine.local/index0b69.html]
[imagine.local/index287b.html]
[imagine.local/index51fe.html]
[imagine.local/wp-json/wp/v2/pages/400.json]
[imagine.local/wp-json/oembed/1.0/embedf7fa.json]
[imagine.local/members/montes/index.html]
[imagine.local/index40e6.html]
[imagine.local/wp-json/oembed/1.0/embedbc4f]
[imagine.local/wp-json/wp/v2/pages/408.json]
[imagine.local/wp-json/oembed/1.0/embed9eea.json]
[imagine.local/members/salamanca/index.html]
[imagine.local/wp-json/oembed/1.0/embede60b]
[imagine.local/indexdc17.html]
[imagine.local/index2d8c.html]
[imagine.local/index43fc.html]
