[imagine-wp.local/index.html]
[backblue.gif]
[fade.gif]
[index.html]
[imagine-wp.local/index.html]
[imagine-wp.local/feed/index.html]
[imagine-wp.local/wp-includes/css/dist/block-library/style.min32d4.css]
[imagine-wp.local/wp-content/plugins/custom-twitter-feeds/css/ctf-styles.min254d.css]
[imagine-wp.local/wp-content/themes/ecocoded/style32d4.css]
[imagine-wp.local/wp-content/plugins/elementor/assets/lib/font-awesome/css/font-awesome.min1849.css]
[imagine-wp.local/wp-content/themes/esport-x-gaming/style32d4.css]
[imagine-wp.local/wp-content/plugins/elementor/assets/css/frontend.min9287.css]
[imagine-wp.local/wp-content/uploads/elementor/css/post-1271c14.css]
[imagine-wp.local/wp-content/plugins/elementor/assets/css/widget-heading.min9287.css]
[imagine-wp.local/wp-content/plugins/elementor/assets/css/widget-icon-list.min9287.css]
[imagine-wp.local/wp-content/uploads/elementor/css/post-2e28f.css]
[imagine-wp.local/wp-json/index.html]
[imagine-wp.local/wp-json/wp/v2/pages/2.json]
[imagine-wp.local/xmlrpc0db0.php]
[imagine-wp.local/wp-content/uploads/elementor/google-fonts/css/roboto9c98.css]
[imagine-wp.local/wp-json/oembed/1.0/embed91d8.json]
[imagine-wp.local/wp-content/uploads/elementor/google-fonts/css/robotoslab4eaf.css]
[imagine-wp.local/wp-json/oembed/1.0/embedb285]
[imagine-wp.local/wp-includes/js/jquery/jquery.minf43b.js]
[imagine-wp.local/wp-includes/js/jquery/jquery-migrate.min5589.js]
[imagine-wp.local/imagine-project-description/index.html]
[imagine-wp.local/members/index.html]
[imagine-wp.local/scientific-production/index.html]
[imagine-wp.local/funding/index.html]
[imagine-wp.local/wp-content/uploads/2025/07/logo-imagine1.png]
[imagine-wp.local/blog/index.html]
[imagine-wp.local/imagine-project-description/index.html]
[imagine-wp.local/members/index.html]
[imagine-wp.local/wp-content/uploads/2025/09/SEIO2023-David.pdf]
[imagine-wp.local/wp-content/uploads/2025/09/GEDM2025-miranda.pdf]
[imagine-wp.local/wp-content/uploads/2025/10/SMPS2024-RPF.pdf]
[imagine-wp.local/wp-content/plugins/elementor/assets/lib/font-awesome/fonts/fontawesome-webfont3e6e.eot]
[imagine-wp.local/comments/feed/index.html]
[imagine-wp.local/wp-content/uploads/2025/08/SMPS2024_Quique.pdf]
[imagine-wp.local/wp-content/uploads/2025/10/EUSFLAT2025-RPF.pdf]
[imagine-wp.local/wp-content/plugins/elementor/assets/lib/font-awesome/fonts/fontawesome-webfontd41d.eot]
[imagine-wp.local/wp-content/plugins/elementor/assets/lib/font-awesome/fonts/fontawesome-webfont3e6e.woff2]
[imagine-wp.local/wp-content/uploads/2025/09/EUSFLAT2025-Marina.pdf]
[imagine-wp.local/wp-content/plugins/elementor/assets/lib/font-awesome/fonts/fontawesome-webfont3e6e.woff]
[imagine-wp.local/wp-content/uploads/2025/09/ISIPTA2025-Marina.pdf]
[imagine-wp.local/wp-content/plugins/elementor/assets/lib/font-awesome/fonts/fontawesome-webfont3e6e.ttf]
[imagine-wp.local/wp-content/uploads/2025/10/NPSEIO2025-RPF.pdf]
[imagine-wp.local/scientific-production/index.html]
[imagine-wp.local/wp-json/wp/v2/pages/82.json]
[imagine-wp.local/wp-json/oembed/1.0/embed3e41.json]
[imagine-wp.local/wp-json/oembed/1.0/embed60ea]
[imagine-wp.local/wp-json/wp/v2/pages/86.json]
[imagine-wp.local/wp-json/oembed/1.0/embedecb9.json]
[imagine-wp.local/funding/index.html]
[imagine-wp.local/wp-json/oembed/1.0/embed4131]
[imagine-wp.local/blog/index.html]
[imagine-wp.local/wp-content/uploads/2024/04/qq2.png]
[imagine-wp.local/wp-content/themes/ecocoded/js/navigation.min1f01.js]
[imagine-wp.local/wp-content/uploads/2024/04/nm2.png]
[imagine-wp.local/wp-content/themes/ecocoded/js/script.min1f01.js]
[imagine-wp.local/wp-content/uploads/2024/04/rpf2.jpg]
[imagine-wp.local/wp-content/themes/ecocoded/js/accessibility.min1f01.js]
[imagine-wp.local/wp-content/uploads/2025/09/JJ.jpg]
[imagine-wp.local/members/nicolas-carrizosa/index.html]
[imagine-wp.local/wp-content/plugins/elementor/assets/js/webpack.runtime.min9287.js]
[imagine-wp.local/wp-content/uploads/2025/09/Nico.jpg]
[imagine-wp.local/members/marina-iturrate-bobes/index.html]
[imagine-wp.local/wp-content/uploads/2025/09/Marina.jpg]
[imagine-wp.local/wp-includes/js/jquery/ui/core.minb37e.js]
[imagine-wp.local/members/david-nieto-barba/index.html]
[imagine-wp.local/wp-content/uploads/2025/09/David.jpg]
[imagine-wp.local/wp-content/plugins/elementor/assets/js/frontend.min9287.js]
[imagine-wp.local/members/dario-tagarro/index.html]
[imagine-wp.local/wp-content/uploads/2025/10/Dario-1.jpg]
[imagine-wp.local/wp-content/plugins/elementor/assets/lib/font-awesome/fonts/fontawesome-webfont3e6e.svg]
[imagine-wp.local/wp-json/wp/v2/pages/101.json]
[imagine-wp.local/index287b.html]
[imagine-wp.local/wp-json/oembed/1.0/embed597b.json]
[imagine-wp.local/wp-json/oembed/1.0/embed74dc]
[imagine-wp.local/index6213.html]
[imagine-wp.local/wp-content/uploads/2025/09/SEIO2023-Presa.pdf]
[imagine-wp.local/wp-content/uploads/2025/08/WOEA2024.pdf]
[imagine-wp.local/miranda/index.html]
[imagine-wp.local/wp-content/uploads/2025/07/IPMU2024-nieto.pdf]
[imagine-wp.local/wp-content/uploads/2025/08/IMPU2024_posets.pdf]
[imagine-wp.local/montes/index.html]
[imagine-wp.local/wp-content/uploads/2025/08/IPMU2024_raul.pdf]
[imagine-wp.local/wp-content/uploads/2025/09/IPMU2024-Marina.pdf]
[imagine-wp.local/perez-fernandez/index.html]
[imagine-wp.local/wp-content/uploads/2025/09/SMPS2024-Montes.pdf]
[imagine-wp.local/wp-content/uploads/2025/08/SEIO2025_David.pdf]
[imagine-wp.local/salamanca/index.html]
[imagine-wp.local/wp-content/uploads/2025/09/SEIO2025-miranda.pdf]
[imagine-wp.local/wp-content/uploads/2025/09/ISIPTA2025-Miranda.pdf]
[imagine-wp.local/wp-content/uploads/2025/08/ISIPTA2005-poster-miranda.pdf]
[imagine-wp.local/wp-content/uploads/2025/08/ISIPTA2025-slides-nieto.pdf]
[imagine-wp.local/members/nicolas-carrizosa/index.html]
[imagine-wp.local/wp-content/uploads/2025/08/ISIPTA2025-poster-nieto.pdf]
[imagine-wp.local/wp-content/uploads/2025/08/ISIPTA2025-iturrate.pdf]
[imagine-wp.local/wp-content/uploads/2025/09/ISIPTA2025-poster-Marina.pdf]
[imagine-wp.local/wp-content/uploads/2025/08/2025NPSEIO.pdf]
[imagine-wp.local/members/marina-iturrate-bobes/index.html]
[imagine-wp.local/wp-content/uploads/2025/09/ECSQARU2025-Miranda.pdf]
[imagine-wp.local/members/david-nieto-barba/index.html]
[imagine-wp.local/wp-json/wp/v2/pages/482.json]
[imagine-wp.local/wp-json/oembed/1.0/embedbc10.json]
[imagine-wp.local/wp-json/oembed/1.0/embed7b60]
[imagine-wp.local/members/dario-tagarro/index.html]
[imagine-wp.local/wp-content/uploads/2025/07/logoministerio2.png]
[imagine-wp.local/wp-content/uploads/2025/08/Severo_Ochoa.png]
[imagine-wp.local/2025/11/03/bfta-2025-school-report/index.html]
[imagine-wp.local/wp-content/uploads/2025/11/BFTA1.jpg]
[imagine-wp.local/2025/10/31/ipmu-2024-special-session-on-imprecise-probabilities/index.html]
[imagine-wp.local/wp-content/uploads/2023/11/ipmu5.png]
[imagine-wp.local/wp-content/uploads/2025/10/SMPS2024-RPF.html]
[imagine-wp.local/wp-content/uploads/2025/10/isipta2025.png]
[imagine-wp.local/wp-content/uploads/2025/10/EUSFLAT2025-RPF.html]
[imagine-wp.local/2025/10/23/isipta-2025-report/index.html]
[imagine-wp.local/wp-content/uploads/2025/09/IJUFKS2025.png]
[imagine-wp.local/2025/09/30/new-published-paper-at-ijufks/index.html]
[imagine-wp.local/wp-content/uploads/2025/10/EUSFLAT2025.png]
[imagine-wp.local/2025/08/08/eusflat-2025-report/index.html]
[imagine-wp.local/OPR/index.html]
[imagine-wp.local/members/miranda/index.html]
[imagine-wp.local/members/montes/index.html]
[imagine-wp.local/members/perez-fernandez/index.html]
[imagine-wp.local/members/salamanca/index.html]
[imagine-wp.local/wp-json/wp/v2/pages/699.json]
[imagine-wp.local/wp-json/oembed/1.0/embedfe01]
[imagine-wp.local/wp-json/oembed/1.0/embed0962.json]
[imagine-wp.local/wp-json/wp/v2/pages/701.json]
[imagine-wp.local/wp-json/oembed/1.0/embede1f3.json]
[imagine-wp.local/wp-content/uploads/2025/10/scopus.png]
[imagine-wp.local/wp-json/oembed/1.0/embed3963]
[imagine-wp.local/wp-content/uploads/2025/10/orcid.png]
[imagine-wp.local/wp-content/uploads/2025/10/scholar.png]
[imagine-wp.local/wp-json/wp/v2/pages/703.json]
[imagine-wp.local/wp-json/oembed/1.0/embedc658.json]
[imagine-wp.local/wp-json/oembed/1.0/embed8eca]
[imagine-wp.local/wp-json/wp/v2/pages/705.json]
[imagine-wp.local/wp-json/oembed/1.0/embed0726.json]
[imagine-wp.local/wp-json/oembed/1.0/embed2c22]
[imagine-wp.local/wp-content/uploads/2025/10/NPSEIO2025-RPF.html]
[imagine-wp.local/wp-content/plugins/elementor/assets/css/widget-image.min9287.css]
[imagine-wp.local/wp-content/plugins/elementor/assets/css/widget-spacer.min9287.css]
[imagine-wp.local/wp-content/uploads/elementor/css/post-482a7b3.css]
[imagine-wp.local/index54a8.html]
[imagine-wp.local/2025/11/03/bfta-2025-school-report/index.html]
[imagine-wp.local/wp-json/oembed/1.0/embedaf6a]
[imagine-wp.local/wp-json/wp/v2/posts/972.json]
[imagine-wp.local/wp-json/oembed/1.0/embed4919.json]
[imagine-wp.local/wp-content/uploads/2025/11/BFTA1-850x374.jpg]
[imagine-wp.local/2025/10/31/ipmu-2024-special-session-on-imprecise-probabilities/index.html]
[imagine-wp.local/wp-content/uploads/2025/11/BFTA3.jpg]
[imagine-wp.local/wp-content/uploads/2025/11/BFTA2-1024x570.png]
[imagine-wp.local/2025/10/23/isipta-2025-report/index.html]
[imagine-wp.local/wp-content/uploads/2025/11/BFTA4.jpg]
[imagine-wp.local/2025/09/30/new-published-paper-at-ijufks/index.html]
[imagine-wp.local/wp-json/wp/v2/posts/166.json]
[imagine-wp.local/wp-content/uploads/2023/11/ipmu5-850x239.png]
[imagine-wp.local/wp-json/oembed/1.0/embedccf2]
[imagine-wp.local/wp-json/oembed/1.0/embed4926.json]
[imagine-wp.local/wp-json/wp/v2/posts/864.json]
[imagine-wp.local/wp-content/uploads/2025/10/EUSFLAT-2025-Presentacion-Raul.jpg]
[imagine-wp.local/wp-content/uploads/2025/10/EUSFLAT-2025-Presentacion-Marina.jpg]
[imagine-wp.local/2025/08/08/eusflat-2025-report/index.html]
[imagine-wp.local/wp-json/oembed/1.0/embeddb09.json]
[imagine-wp.local/wp-content/plugins/elementor/assets/js/frontend-modules.min9287.js]
[imagine-wp.local/wp-json/oembed/1.0/embed4d82]
[imagine-wp.local/wp-content/uploads/2025/10/ISIPTA-2025-Quique-David-y-Marina.jpg]
[imagine-wp.local/OPR/index.html]
[imagine-wp.local/wp-content/uploads/2025/10/ISIPTA-2025-Presentacion-David.jpg]
[imagine-wp.local/wp-content/uploads/2025/10/ISIPTA-2025-Premio-poster-David.jpg]
[imagine-wp.local/wp-content/uploads/2025/10/ISIPTA-2025-Presentacion-Quique.jpg]
[imagine-wp.local/members/miranda/index.html]
[imagine-wp.local/wp-content/uploads/2025/10/ISIPTA-2025-Poster-Marina.jpg]
[imagine-wp.local/wp-json/wp/v2/posts/759.json]
[imagine-wp.local/members/montes/index.html]
[imagine-wp.local/wp-json/oembed/1.0/embed20d4.json]
[imagine-wp.local/wp-json/oembed/1.0/embed0463]
[imagine-wp.local/wp-json/wp/v2/posts/811.json]
[imagine-wp.local/members/perez-fernandez/index.html]
[imagine-wp.local/wp-json/oembed/1.0/embede8a1]
[imagine-wp.local/wp-json/oembed/1.0/embed9372.json]
[imagine-wp.local/wp-content/uploads/2025/10/EUSFLAT-2025-Raul-y-Bernard-Panel.jpg]
[imagine-wp.local/wp-content/uploads/2025/10/EUSFLAT-2025-Marina-Panel-1.jpg]
[imagine-wp.local/members/salamanca/index.html]
[imagine-wp.local/wp-content/uploads/2025/10/EUSFLAT-2025-Letrero-RIGA.jpg]
[imagine-wp.local/wp-content/uploads/2025/10/EUSFLAT-2025-Cena-de-gala.jpg]
[imagine-wp.local/index1c50.html]
[imagine-wp.local/wp-json/wp/v2/pages/394.json]
[imagine-wp.local/index6fe2.html]
[imagine-wp.local/wp-json/oembed/1.0/embeddc0c.json]
[imagine-wp.local/wp-json/oembed/1.0/embedc87b]
[imagine-wp.local/indexf993.html]
[imagine-wp.local/wp-json/wp/v2/pages/400.json]
[imagine-wp.local/index2ae7.html]
[imagine-wp.local/wp-json/oembed/1.0/embede809.json]
[imagine-wp.local/wp-json/oembed/1.0/embed80b9]
[imagine-wp.local/index198a.html]
[imagine-wp.local/wp-json/wp/v2/pages/406.json]
[imagine-wp.local/indexf843.html]
[imagine-wp.local/wp-json/oembed/1.0/embedde38.json]
[imagine-wp.local/wp-json/oembed/1.0/embed5a07]
[imagine-wp.local/index8e01.html]
[imagine-wp.local/wp-json/wp/v2/pages/408.json]
[imagine-wp.local/index2cbe.html]
[imagine-wp.local/wp-json/oembed/1.0/embedb909.json]
[imagine-wp.local/indexdc17.html]
[imagine-wp.local/index2ec5.html]
[imagine-wp.local/wp-json/oembed/1.0/embeda293]
[imagine-wp.local/index51fe.html]
[imagine-wp.local/index2d8c.html]
[imagine-wp.local/index40e6.html]
[imagine-wp.local/index43fc.html]
