[imagine-export.local/index.html]
[backblue.gif]
[fade.gif]
[index.html]
[imagine-export.local/wp-includes/css/dist/block-library/style.min32d4.css]
[imagine-export.local/wp-content/plugins/custom-twitter-feeds/css/ctf-styles.min254d.css]
[imagine-export.local/feed/index.html]
[imagine-export.local/wp-content/themes/ecocoded/style32d4.css]
[imagine-export.local/comments/feed/index.html]
[imagine-export.local/wp-content/plugins/elementor/assets/lib/font-awesome/css/font-awesome.min1849.css]
[imagine-export.local/wp-content/themes/esport-x-gaming/style32d4.css]
[imagine-export.local/wp-content/plugins/elementor/assets/css/frontend.min8e60.css]
[imagine-export.local/wp-content/uploads/elementor/css/post-1270f13.css]
[imagine-export.local/wp-content/plugins/elementor/assets/css/widget-heading.min8e60.css]
[imagine-export.local/wp-content/plugins/elementor/assets/css/widget-icon-list.min8e60.css]
[imagine-export.local/wp-content/uploads/elementor/css/post-20f13.css]
[imagine-export.local/wp-content/uploads/elementor/google-fonts/css/roboto9c98.css]
[imagine-export.local/wp-content/uploads/elementor/google-fonts/css/robotoslab4eaf.css]
[imagine-export.local/wp-includes/js/jquery/jquery.minf43b.js]
[imagine-export.local/wp-includes/js/jquery/jquery-migrate.min5589.js]
[imagine-export.local/wp-json/wp/v2/pages/2.json]
[imagine-export.local/wp-json/index.html]
[imagine-export.local/wp-json/oembed/1.0/embedaf38]
[imagine-export.local/wp-content/uploads/2025/07/logo-imagine1.png]
[imagine-export.local/wp-content/themes/ecocoded/js/navigation.min1f01.js]
[imagine-export.local/wp-content/themes/ecocoded/js/script.min1f01.js]
[imagine-export.local/wp-content/themes/ecocoded/js/accessibility.min1f01.js]
[imagine-export.local/wp-content/plugins/elementor/assets/js/webpack.runtime.min8e60.js]
[imagine-export.local/wp-content/plugins/elementor/assets/js/frontend-modules.min8e60.js]
[imagine-export.local/imagine-project-description/index.html]
[imagine-export.local/wp-includes/js/jquery/ui/core.minb37e.js]
[imagine-export.local/members/index.html]
[imagine-export.local/wp-content/plugins/elementor/assets/js/frontend.min8e60.js]
[imagine-export.local/index.html]
[imagine-export.local/scientific-production/index.html]
[imagine-export.local/funding/index.html]
[imagine-export.local/wp-includes/css/dist/block-library/style.min32d4.css]
[imagine-export.local/wp-content/plugins/custom-twitter-feeds/css/ctf-styles.min254d.css]
[imagine-export.local/wp-content/themes/ecocoded/style32d4.css]
[imagine-export.local/blog/index.html]
[imagine-export.local/wp-content/plugins/elementor/assets/lib/font-awesome/fonts/fontawesome-webfont3e6e.woff]
[imagine-export.local/wp-content/plugins/elementor/assets/lib/font-awesome/fonts/fontawesome-webfont3e6e.ttf]
[imagine-export.local/wp-content/plugins/elementor/assets/lib/font-awesome/fonts/fontawesome-webfont3e6e.eot]
[imagine-export.local/wp-content/plugins/elementor/assets/lib/font-awesome/fonts/fontawesome-webfontd41d.eot]
[imagine-export.local/wp-content/plugins/elementor/assets/lib/font-awesome/css/font-awesome.min1849.css]
[imagine-export.local/wp-content/themes/esport-x-gaming/style32d4.css]
[imagine-export.local/wp-content/plugins/elementor/assets/css/frontend.min8e60.css]
[imagine-export.local/wp-content/uploads/elementor/css/post-1270f13.css]
[imagine-export.local/wp-content/plugins/elementor/assets/css/widget-heading.min8e60.css]
[imagine-export.local/wp-content/plugins/elementor/assets/css/widget-icon-list.min8e60.css]
[imagine-export.local/wp-content/uploads/elementor/css/post-20f13.css]
[imagine-export.local/wp-content/uploads/elementor/google-fonts/css/roboto9c98.css]
[imagine-export.local/wp-content/uploads/elementor/google-fonts/css/robotoslab4eaf.css]
[imagine-export.local/wp-includes/js/jquery/jquery.minf43b.js]
[imagine-export.local/wp-includes/js/jquery/jquery-migrate.min5589.js]
[imagine-export.local/xmlrpc0db0.php]
[imagine-export.local/wp-json/oembed/1.0/embed3260]
[imagine-export.local/wp-content/plugins/elementor/assets/lib/font-awesome/fonts/fontawesome-webfont3e6e.svg]
[imagine-export.local/wp-json/wp/v2/pages/82.json]
[imagine-export.local/wp-json/oembed/1.0/embed934e.json]
[imagine-export.local/imagine-project-description/index.html]
[imagine-export.local/wp-json/wp/v2/pages/86.json]
[imagine-export.local/wp-json/oembed/1.0/embedd2bf.json]
[imagine-export.local/wp-content/uploads/2024/04/qq2.png]
[imagine-export.local/wp-json/oembed/1.0/embedfc3a]
[imagine-export.local/wp-content/uploads/2024/04/nm2.png]
[imagine-export.local/wp-content/uploads/2024/04/rpf2.jpg]
[imagine-export.local/wp-content/uploads/2025/09/JJ.jpg]
[imagine-export.local/wp-content/uploads/2025/09/Nico.jpg]
[imagine-export.local/wp-content/uploads/2025/09/Marina.jpg]
[imagine-export.local/wp-content/uploads/2025/09/David.jpg]
[imagine-export.local/members/index.html]
[imagine-export.local/members/marina-iturrate-bobes/index.html]
[imagine-export.local/members/david-nieto-barba/index.html]
[imagine-export.local/members/dario-tagarro/index.html]
[imagine-export.local/wp-json/wp/v2/pages/101.json]
[imagine-export.local/wp-json/oembed/1.0/embed83e0.json]
[imagine-export.local/wp-content/uploads/2025/09/SEIO2023-David.pdf]
[imagine-export.local/wp-json/oembed/1.0/embed68ad]
[imagine-export.local/wp-content/uploads/2025/09/SEIO2023-Presa.pdf]
[imagine-export.local/wp-content/uploads/2025/09/GEDM2025-miranda.pdf]
[imagine-export.local/wp-content/uploads/2025/08/WOEA2024.pdf]
[imagine-export.local/wp-content/uploads/2025/07/IPMU2024-nieto.pdf]
[imagine-export.local/wp-content/uploads/2025/08/IMPU2024_posets.pdf]
[imagine-export.local/wp-content/uploads/2025/08/IPMU2024_raul.pdf]
[imagine-export.local/wp-content/uploads/2025/09/IPMU2024-Marina.pdf]
[imagine-export.local/wp-content/uploads/2025/09/SMPS2024-Montes.pdf]
[imagine-export.local/wp-content/uploads/2025/08/SMPS2024_Quique.pdf]
[imagine-export.local/wp-content/uploads/2025/08/SEIO2025_David.pdf]
[imagine-export.local/wp-content/uploads/2025/09/SEIO2025-miranda.pdf]
[imagine-export.local/wp-content/uploads/2025/09/EUSFLAT2025-Marina.pdf]
[imagine-export.local/wp-content/uploads/2025/09/ISIPTA2025-Miranda.pdf]
[imagine-export.local/wp-content/uploads/2025/08/ISIPTA2005-poster-miranda.pdf]
[imagine-export.local/wp-content/uploads/2025/08/ISIPTA2025-slides-nieto.pdf]
[imagine-export.local/wp-content/uploads/2025/08/ISIPTA2025-poster-nieto.pdf]
[imagine-export.local/wp-content/uploads/2025/08/ISIPTA2025-iturrate.pdf]
[imagine-export.local/wp-content/uploads/2025/09/ISIPTA2025-Marina.pdf]
[imagine-export.local/wp-content/uploads/2025/09/ISIPTA2025-poster-Marina.pdf]
[imagine-export.local/wp-content/uploads/2025/08/2025NPSEIO.pdf]
[imagine-export.local/wp-content/uploads/2025/09/ECSQARU2025-Miranda.pdf]
[imagine-export.local/scientific-production/index.html]
[imagine-export.local/wp-content/plugins/elementor/assets/css/widget-image.min8e60.css]
[imagine-export.local/wp-content/plugins/elementor/assets/css/widget-spacer.min8e60.css]
[imagine-export.local/wp-content/uploads/elementor/css/post-482e4a5.css]
[imagine-export.local/wp-json/wp/v2/pages/482.json]
[imagine-export.local/wp-json/oembed/1.0/embedad3d.json]
[imagine-export.local/wp-json/oembed/1.0/embedba38]
[imagine-export.local/wp-content/uploads/2025/07/logoministerio2.png]
[imagine-export.local/wp-content/uploads/2025/08/Severo_Ochoa.png]
[imagine-export.local/funding/index.html]
[imagine-export.local/2025/09/30/new-published-paper-at-ijufks/index.html]
[imagine-export.local/wp-content/uploads/2023/11/ipmu2024.png]
[imagine-export.local/2023/11/07/ipmu-2024-special-session-on-imprecise-probabilities/index.html]
[imagine-export.local/wp-content/uploads/2023/10/Miranda23-portada2.png]
[imagine-export.local/2023/10/28/what-ive-learned-from-road-trips/index.html]
[imagine-export.local/wp-content/uploads/2023/10/seio23.png]
[imagine-export.local/blog/index.html]
[imagine-export.local/2023/10/28/how-to-write-10000-words-a-week/index.html]
[imagine-export.local/wp-content/themes/ecocoded/js/navigation.min1f01.js]
[imagine-export.local/wp-content/themes/ecocoded/js/script.min1f01.js]
[imagine-export.local/wp-content/themes/ecocoded/js/accessibility.min1f01.js]
[imagine-export.local/wp-content/plugins/elementor/assets/js/webpack.runtime.min8e60.js]
[imagine-export.local/wp-content/plugins/elementor/assets/js/frontend-modules.min8e60.js]
[imagine-export.local/wp-includes/js/jquery/ui/core.minb37e.js]
[imagine-export.local/wp-content/plugins/elementor/assets/js/frontend.min8e60.js]
[imagine-export.local/OPR/index.html]
[imagine-export.local/wp-content/plugins/elementor/assets/lib/font-awesome/fonts/fontawesome-webfont3e6e.woff2]
[imagine-export.local/wp-content/plugins/elementor/assets/lib/font-awesome/fonts/fontawesome-webfont3e6e.svg]
[imagine-export.local/index6213.html]
[imagine-export.local/miranda/index.html]
[imagine-export.local/perez-fernandez/index.html]
[imagine-export.local/members/miranda/index.html]
[imagine-export.local/salamanca/index.html]
[imagine-export.local/members/perez-fernandez/index.html]
[imagine-export.local/members/salamanca/index.html]
[imagine-export.local/members/nicolas-carrizosa/index.html]
[imagine-export.local/wp-json/wp/v2/pages/701.json]
[imagine-export.local/wp-json/oembed/1.0/embedfadf.json]
[imagine-export.local/wp-json/oembed/1.0/embede4d1]
[imagine-export.local/members/marina-iturrate-bobes/index.html]
[imagine-export.local/wp-json/wp/v2/pages/703.json]
[imagine-export.local/wp-json/oembed/1.0/embed5099.json]
[imagine-export.local/members/david-nieto-barba/index.html]
[imagine-export.local/wp-json/oembed/1.0/embed8bc7]
[imagine-export.local/wp-json/wp/v2/pages/705.json]
[imagine-export.local/wp-json/oembed/1.0/embed6697.json]
[imagine-export.local/members/dario-tagarro/index.html]
[imagine-export.local/index198a.html]
[imagine-export.local/wp-json/oembed/1.0/embed603c]
[imagine-export.local/wp-content/plugins/elementor/assets/css/widget-image.min8e60.css]
[imagine-export.local/wp-content/plugins/elementor/assets/css/widget-spacer.min8e60.css]
[imagine-export.local/wp-content/uploads/elementor/css/post-482e4a5.css]
[imagine-export.local/index54a8.html]
[imagine-export.local/wp-json/wp/v2/posts/759.json]
[imagine-export.local/wp-json/oembed/1.0/embede0a3.json]
[imagine-export.local/2025/09/30/new-published-paper-at-ijufks/index.html]
[imagine-export.local/wp-json/oembed/1.0/embed5f6f]
[imagine-export.local/wp-content/uploads/2025/09/IJUFKS2025.png]
[imagine-export.local/wp-json/wp/v2/posts/166.json]
[imagine-export.local/wp-json/oembed/1.0/embed570d.json]
[imagine-export.local/2023/11/07/ipmu-2024-special-session-on-imprecise-probabilities/index.html]
[imagine-export.local/wp-json/oembed/1.0/embed1ffe]
[imagine-export.local/wp-json/wp/v2/posts/15.json]
[imagine-export.local/wp-json/oembed/1.0/embedefea.json]
[imagine-export.local/2023/10/28/what-ive-learned-from-road-trips/index.html]
[imagine-export.local/wp-json/oembed/1.0/embed6aec]
[imagine-export.local/wp-json/wp/v2/posts/14.json]
[imagine-export.local/wp-json/oembed/1.0/embed9559.json]
[imagine-export.local/2023/10/28/how-to-write-10000-words-a-week/index.html]
[imagine-export.local/OPR/index.html]
[imagine-export.local/index287b.html]
[imagine-export.local/wp-json/oembed/1.0/embed2e1b]
[imagine-export.local/wp-json/oembed/1.0/embedb1a1]
[imagine-export.local/wp-json/wp/v2/pages/394.json]
[imagine-export.local/members/miranda/index.html]
[imagine-export.local/montes/index.html]
[imagine-export.local/wp-json/oembed/1.0/embede562]
[imagine-export.local/members/montes/index.html]
[imagine-export.local/wp-json/wp/v2/pages/406.json]
[imagine-export.local/wp-json/oembed/1.0/embed01e8.json]
[imagine-export.local/members/perez-fernandez/index.html]
[imagine-export.local/wp-json/oembed/1.0/embed1ed1]
[imagine-export.local/wp-json/wp/v2/pages/408.json]
[imagine-export.local/wp-json/oembed/1.0/embed8fc2.json]
[imagine-export.local/members/salamanca/index.html]
[imagine-export.local/wp-json/oembed/1.0/embed32a9]
[imagine-export.local/wp-json/wp/v2/pages/699.json]
[imagine-export.local/wp-json/oembed/1.0/embedcbb7.json]
[imagine-export.local/members/nicolas-carrizosa/index.html]
[imagine-export.local/index6fe2.html]
[imagine-export.local/indexf993.html]
[imagine-export.local/index2ae7.html]
[imagine-export.local/indexdc17.html]
[imagine-export.local/index8e01.html]
[imagine-export.local/indexa1ca.html]
[imagine-export.local/index0b69.html]
[imagine-export.local/index51fe.html]
[imagine-export.local/wp-json/oembed/1.0/embedfd8b]
[imagine-export.local/wp-json/oembed/1.0/embed4cd4]
[imagine-export.local/wp-json/wp/v2/pages/400.json]
[imagine-export.local/wp-json/oembed/1.0/embed8d74.json]
[imagine-export.local/members/montes/index.html]
[imagine-export.local/index40e6.html]
[imagine-export.local/index43fc.html]
[imagine-export.local/index1c50.html]
[imagine-export.local/wp-json/oembed/1.0/embedc536]
[imagine-export.local/index2d8c.html]
